
======================================================================
🎯 STEVE'S GEMATRIA OVERNIGHT RESEARCH PROTOCOL - LOOP MODE
======================================================================

📦 LOOP MODE CONFIGURATION:
   - Items per cycle: 30
   - Loop interval: 10 minutes
   - Repeat count: 9999 (continuous)

🔍 CORE SYMBOLS TRACKED:
   - `124`: Universal Bridge [PRIMARY]
   - `963`: Political Communication [AVERAGE]
   - `55`: International Diplomacy [MODERATE]
   - `111`: Activation Initiation [HIDDEN_LAYERS🔮 ACTIVE]
   - `279`: Cycle Turning Variant [HIDDEN_LAYERS🔮 ACTIVE]
   - `666`: Political Cycles [HIDDEN_LAYERS🔮 ACTIVE]

✅ Local Firecrawl is ONLINE

======================================================================
🚀 AUTO-EXECUTING NEXT RESEARCH CYCLE...
======================================================================


======================================================================
🔁 OVERNIGHT RESEARCH CYCLE #1
======================================================================

🔍 Executing 30 queries...
[2026-04-29 20:01:05] [INFO] Searching local Firecrawl: Universal Bridge economic correlation...
[2026-04-29 20:01:09] [INFO] Local Firecrawl returned 0 search results
   [1] Universal Bridge economic correlation... ✅ Found 0 items
[2026-04-29 20:01:09] [INFO] Searching local Firecrawl: Universal Bridge elemental correlation...
[2026-04-29 20:01:14] [INFO] Local Firecrawl returned 0 search results
   [2] Universal Bridge elemental correlation... ✅ Found 0 items
[2026-04-29 20:01:14] [INFO] Searching local Firecrawl: International Diplomacy economic correlation...
[2026-04-29 20:01:18] [INFO] Local Firecrawl returned 0 search results
   [3] International Diplomacy economic correlation... ✅ Found 0 items
[2026-04-29 20:01:18] [INFO] Searching local Firecrawl: Political Cycles/Completion religious correlation...
[2026-04-29 20:01:23] [INFO] Local Firecrawl returned 0 search results
   [4] Political Cycles/Completion religious correlation... ✅ Found 0 items
[2026-04-29 20:01:23] [INFO] Searching local Firecrawl: Political Communication political correlation...
[2026-04-29 20:01:28] [INFO] Local Firecrawl returned 0 search results
   [5] Political Communication political correlation... ✅ Found 0 items
[2026-04-29 20:01:28] [INFO] Searching local Firecrawl: Universal Bridge religious correlation...
[2026-04-29 20:01:33] [INFO] Local Firecrawl returned 5 search results
   [6] Universal Bridge religious correlation... ✅ Found 5 items
[2026-04-29 20:01:33] [INFO] Searching local Firecrawl: International Diplomacy religious correlation...
[2026-04-29 20:01:35] [INFO] Local Firecrawl returned 5 search results
   [7] International Diplomacy religious correlation... ✅ Found 5 items
[2026-04-29 20:01:35] [INFO] Searching local Firecrawl: Activation Initiation military correlation...
[2026-04-29 20:01:39] [INFO] Local Firecrawl returned 0 search results
   [8] Activation Initiation military correlation... ✅ Found 0 items
[2026-04-29 20:01:39] [INFO] Searching local Firecrawl: Political Cycles/Completion military correlation...
[2026-04-29 20:01:44] [INFO] Local Firecrawl returned 0 search results
   [9] Political Cycles/Completion military correlation... ✅ Found 0 items
[2026-04-29 20:01:44] [INFO] Searching local Firecrawl: Cycle Turning Variant political correlation...
[2026-04-29 20:01:48] [INFO] Local Firecrawl returned 0 search results
   [10] Cycle Turning Variant political correlation... ✅ Found 0 items
[2026-04-29 20:01:48] [INFO] Searching local Firecrawl: Political Communication elemental correlation...
[2026-04-29 20:01:53] [INFO] Local Firecrawl returned 0 search results
   [11] Political Communication elemental correlation... ✅ Found 0 items
[2026-04-29 20:01:53] [INFO] Searching local Firecrawl: Political Communication religious correlation...
[2026-04-29 20:01:58] [INFO] Local Firecrawl returned 0 search results
   [12] Political Communication religious correlation... ✅ Found 0 items
[2026-04-29 20:01:58] [INFO] Searching local Firecrawl: Cycle Turning Variant economic correlation...
[2026-04-29 20:02:02] [INFO] Local Firecrawl returned 0 search results
   [13] Cycle Turning Variant economic correlation... ✅ Found 0 items
[2026-04-29 20:02:02] [INFO] Searching local Firecrawl: International Diplomacy military correlation...
[2026-04-29 20:02:07] [INFO] Local Firecrawl returned 0 search results
   [14] International Diplomacy military correlation... ✅ Found 0 items
[2026-04-29 20:02:07] [INFO] Searching local Firecrawl: Political Cycles/Completion political correlation...
[2026-04-29 20:02:11] [INFO] Local Firecrawl returned 0 search results
   [15] Political Cycles/Completion political correlation... ✅ Found 0 items
[2026-04-29 20:02:11] [INFO] Searching local Firecrawl: International Diplomacy political correlation...
[2026-04-29 20:02:16] [INFO] Local Firecrawl returned 0 search results
   [16] International Diplomacy political correlation... ✅ Found 0 items
[2026-04-29 20:02:16] [INFO] Searching local Firecrawl: Activation Initiation religious correlation...
[2026-04-29 20:02:21] [INFO] Local Firecrawl returned 0 search results
   [17] Activation Initiation religious correlation... ✅ Found 0 items
[2026-04-29 20:02:21] [INFO] Searching local Firecrawl: Activation Initiation elemental correlation...
[2026-04-29 20:02:25] [INFO] Local Firecrawl returned 0 search results
   [18] Activation Initiation elemental correlation... ✅ Found 0 items
[2026-04-29 20:02:25] [INFO] Searching local Firecrawl: Political Communication economic correlation...
[2026-04-29 20:02:30] [INFO] Local Firecrawl returned 0 search results
   [19] Political Communication economic correlation... ✅ Found 0 items
[2026-04-29 20:02:30] [INFO] Searching local Firecrawl: Political Cycles/Completion elemental correlation...
[2026-04-29 20:02:34] [INFO] Local Firecrawl returned 5 search results
   [20] Political Cycles/Completion elemental correlation... ✅ Found 5 items
[2026-04-29 20:02:34] [INFO] Searching local Firecrawl: Cycle Turning Variant religious correlation...
[2026-04-29 20:02:35] [INFO] Local Firecrawl returned 0 search results
   [21] Cycle Turning Variant religious correlation... ✅ Found 0 items
[2026-04-29 20:02:35] [INFO] Searching local Firecrawl: Activation Initiation political correlation...
[2026-04-29 20:02:39] [INFO] Local Firecrawl returned 0 search results
   [22] Activation Initiation political correlation... ✅ Found 0 items
[2026-04-29 20:02:39] [INFO] Searching local Firecrawl: Cycle Turning Variant military correlation...
[2026-04-29 20:02:44] [INFO] Local Firecrawl returned 0 search results
   [23] Cycle Turning Variant military correlation... ✅ Found 0 items
[2026-04-29 20:02:44] [INFO] Searching local Firecrawl: International Diplomacy elemental correlation...
[2026-04-29 20:02:48] [INFO] Local Firecrawl returned 0 search results
   [24] International Diplomacy elemental correlation... ✅ Found 0 items
[2026-04-29 20:02:48] [INFO] Searching local Firecrawl: Political Communication military correlation...
[2026-04-29 20:02:49] [INFO] Local Firecrawl returned 0 search results
   [25] Political Communication military correlation... ✅ Found 0 items
[2026-04-29 20:02:49] [INFO] Searching local Firecrawl: Activation Initiation economic correlation...
[2026-04-29 20:02:54] [INFO] Local Firecrawl returned 0 search results
   [26] Activation Initiation economic correlation... ✅ Found 0 items
[2026-04-29 20:02:54] [INFO] Searching local Firecrawl: Political Cycles/Completion economic correlation...
[2026-04-29 20:02:58] [INFO] Local Firecrawl returned 0 search results
   [27] Political Cycles/Completion economic correlation... ✅ Found 0 items
[2026-04-29 20:02:58] [INFO] Searching local Firecrawl: Universal Bridge military correlation...
[2026-04-29 20:03:03] [INFO] Local Firecrawl returned 0 search results
   [28] Universal Bridge military correlation... ✅ Found 0 items
[2026-04-29 20:03:03] [INFO] Searching local Firecrawl: Cycle Turning Variant elemental correlation...
[2026-04-29 20:03:03] [INFO] Local Firecrawl returned 0 search results[master 72dad1e] Cycle #1 - Overnight Research Loop - Items processed: 15 - Hidden layering detection: ACTIVE - Symbol-keying strategy: PRIMARY/MODERATE/AVERAGE keys applied
 1 file changed, 116 insertions(+)
